2026-04-06 11:44:48,205 - INFO - 🚀 DirectX 12 Optimizer gestartet für fortnite
2026-04-06 11:44:48,205 - INFO - 📋 Sichere aktuelle DirectX 12 Einstellungen...
2026-04-06 11:44:48,207 - INFO - ✅ 2 Einstellungen gesichert
2026-04-06 11:44:48,207 - INFO - 🎮 Wende DirectX 12 Profil für Fortnite an
2026-04-06 11:44:48,208 - ERROR - ❌ Registry Fehler HKEY_LOCAL_MACHINE\SOFTWARE\Microsoft\DirectX\AsyncComputeEnabled: [WinError 5] Zugriff verweigert
2026-04-06 11:44:48,208 - INFO - ✅ DirectX 12 Feature async_compute: aktiviert
2026-04-06 11:44:48,209 - ERROR - ❌ Registry Fehler HKEY_LOCAL_MACHINE\SOFTWARE\Microsoft\DirectX\VariableRateShadingEnabled: [WinError 5] Zugriff verweigert
2026-04-06 11:44:48,209 - INFO - ✅ DirectX 12 Feature variable_rate_shading: aktiviert
2026-04-06 11:44:48,209 - ERROR - ❌ Registry Fehler HKEY_LOCAL_MACHINE\SOFTWARE\Microsoft\DirectX\MeshShadersEnabled: [WinError 5] Zugriff verweigert
2026-04-06 11:44:48,209 - INFO - ✅ DirectX 12 Feature mesh_shaders: deaktiviert
2026-04-06 11:44:48,210 - ERROR - ❌ Registry Fehler HKEY_LOCAL_MACHINE\SOFTWARE\Microsoft\DirectX\MultiThreadedCommandBuffer: [WinError 5] Zugriff verweigert
2026-04-06 11:44:48,210 - INFO - ✅ DirectX 12 Feature multi_threaded: aktiviert
2026-04-06 11:44:48,210 - INFO - ✅ DirectX 12 Feature gpu_priority: aktiviert
2026-04-06 11:44:48,210 - INFO - ✅ DirectX 12 Feature memory_optimization: aktiviert
2026-04-06 11:44:48,211 - INFO - ✅ Registry Einstellungen für HKEY_LOCAL_MACHINE\SOFTWARE\Epic Games\Unreal Engine\4.27 angewendet
2026-04-06 11:44:48,211 - ERROR - ❌ Registry Fehler HKEY_LOCAL_MACHINE\SYSTEM\CurrentControlSet\Control\Class\{4d36e968-e325-11ce-bfc1-08002be10318}\0000\KMD_DeferSchedule: [WinError 5] Zugriff verweigert
2026-04-06 11:44:48,211 - ERROR - ❌ Registry Fehler HKEY_LOCAL_MACHINE\SYSTEM\CurrentControlSet\Control\Class\{4d36e968-e325-11ce-bfc1-08002be10318}\0000\Pm4Caps: [WinError 5] Zugriff verweigert
2026-04-06 11:44:48,211 - INFO - ✅ GPU Priority: high (3)
2026-04-06 11:44:48,365 - ERROR - ❌ Registry Fehler HKEY_LOCAL_MACHINE\SOFTWARE\Microsoft\DirectX\MaxFrameLatency: [WinError 5] Zugriff verweigert
2026-04-06 11:44:48,366 - INFO - 📈 DirectX 12 Workload erhöht
2026-04-06 11:44:48,366 - ERROR - ❌ Registry Fehler HKEY_LOCAL_MACHINE\SOFTWARE\Microsoft\DirectX\GPUAffinity: [WinError 5] Zugriff verweigert
2026-04-06 11:44:48,366 - ERROR - ❌ Registry Fehler HKEY_LOCAL_MACHINE\SOFTWARE\Microsoft\DirectX\MultiThreadedCommandBuffer: [WinError 5] Zugriff verweigert
2026-04-06 11:44:48,366 - ERROR - ❌ Registry Fehler HKEY_LOCAL_MACHINE\SOFTWARE\Microsoft\DirectX\MemoryPoolOptimization: [WinError 5] Zugriff verweigert
2026-04-06 11:44:51,468 - ERROR - ❌ Registry Fehler HKEY_LOCAL_MACHINE\SOFTWARE\Microsoft\DirectX\MaxFrameLatency: [WinError 5] Zugriff verweigert
2026-04-06 11:44:51,468 - INFO - 📈 DirectX 12 Workload erhöht
2026-04-06 11:44:51,468 - ERROR - ❌ Registry Fehler HKEY_LOCAL_MACHINE\SOFTWARE\Microsoft\DirectX\GPUAffinity: [WinError 5] Zugriff verweigert
2026-04-06 11:44:51,468 - ERROR - ❌ Registry Fehler HKEY_LOCAL_MACHINE\SOFTWARE\Microsoft\DirectX\MultiThreadedCommandBuffer: [WinError 5] Zugriff verweigert
2026-04-06 11:44:51,468 - ERROR - ❌ Registry Fehler HKEY_LOCAL_MACHINE\SOFTWARE\Microsoft\DirectX\MemoryPoolOptimization: [WinError 5] Zugriff verweigert
2026-04-06 11:44:53,214 - INFO - 🔄 Stelle originale Einstellungen wieder her...
2026-04-06 11:44:53,216 - INFO - ✅ Originale Einstellungen wiederhergestellt
2026-04-06 11:44:53,216 - INFO - ⏹️ DirectX 12 Optimizer gestoppt
