2026-04-06 11:15:07,033 - INFO - Unified Gaming Optimizer wird gestartet
2026-04-06 11:15:07,071 - INFO - ✅ psutil verfügbar
2026-04-06 11:15:07,187 - INFO - ✅ numpy verfügbar
2026-04-06 11:15:07,189 - ERROR - ❌ opencv fehlt
2026-04-06 11:15:07,195 - INFO - ✅ win32api verfügbar
2026-04-06 11:15:07,197 - INFO - ✅ win32con verfügbar
2026-04-06 11:15:07,201 - INFO - ✅ win32process verfügbar
2026-04-06 11:15:07,387 - INFO - ✅ matplotlib verfügbar
2026-04-06 11:15:07,391 - INFO - ✅ json verfügbar
2026-04-06 11:15:07,392 - INFO - ✅ threading verfügbar
2026-04-06 11:15:07,392 - INFO - ✅ time verfügbar
2026-04-06 11:15:07,392 - INFO - ✅ subprocess verfügbar
2026-04-06 11:15:07,392 - ERROR - Fehlende Module: ['opencv']
2026-04-06 11:15:07,392 - INFO - Installieren mit: pip install -r requirements.txt
2026-04-06 11:15:27,140 - INFO - Unified Gaming Optimizer wird gestartet
2026-04-06 11:15:27,179 - INFO - ✅ psutil verfügbar
2026-04-06 11:15:27,302 - INFO - ✅ numpy verfügbar
2026-04-06 11:15:27,303 - ERROR - ❌ opencv fehlt
2026-04-06 11:15:27,307 - INFO - ✅ win32api verfügbar
2026-04-06 11:15:27,307 - INFO - ✅ win32con verfügbar
2026-04-06 11:15:27,308 - INFO - ✅ win32process verfügbar
2026-04-06 11:15:27,472 - INFO - ✅ matplotlib verfügbar
2026-04-06 11:15:27,476 - INFO - ✅ json verfügbar
2026-04-06 11:15:27,476 - INFO - ✅ threading verfügbar
2026-04-06 11:15:27,476 - INFO - ✅ time verfügbar
2026-04-06 11:15:27,476 - INFO - ✅ subprocess verfügbar
2026-04-06 11:15:27,477 - ERROR - Fehlende Module: ['opencv']
2026-04-06 11:15:27,477 - INFO - Installieren mit: pip install -r requirements.txt
2026-04-06 11:15:42,913 - INFO - Unified Gaming Optimizer wird gestartet
2026-04-06 11:15:42,951 - INFO - ✅ psutil verfügbar
2026-04-06 11:15:43,074 - INFO - ✅ numpy verfügbar
2026-04-06 11:15:43,104 - INFO - ✅ opencv-python verfügbar
2026-04-06 11:15:43,107 - INFO - ✅ win32api verfügbar
2026-04-06 11:15:43,108 - INFO - ✅ win32con verfügbar
2026-04-06 11:15:43,108 - INFO - ✅ win32process verfügbar
2026-04-06 11:15:43,270 - INFO - ✅ matplotlib verfügbar
2026-04-06 11:15:43,274 - INFO - ✅ json verfügbar
2026-04-06 11:15:43,274 - INFO - ✅ threading verfügbar
2026-04-06 11:15:43,275 - INFO - ✅ time verfügbar
2026-04-06 11:15:43,275 - INFO - ✅ subprocess verfügbar
2026-04-06 11:15:43,335 - INFO - ✅ Windows 11
2026-04-06 11:15:43,335 - INFO - ✅ Python 3.13.12
2026-04-06 11:15:43,660 - INFO - ✅ PowerShell verfügbar
2026-04-06 11:15:43,661 - INFO - ✅ 15.2GB RAM
2026-04-06 11:15:43,662 - INFO - ✅ Config erstellt: startup_config.json
2026-04-06 11:15:43,924 - INFO - ✅ Unified Optimizer importiert
2026-04-06 11:19:19,737 - INFO - Programm durch Benutzer beendet
2026-04-06 11:19:20,060 - INFO - Optimizer sauber beendet
2026-04-06 11:19:22,174 - INFO - Unified Gaming Optimizer wird gestartet
2026-04-06 11:19:22,253 - INFO - ✅ psutil verfügbar
2026-04-06 11:19:22,528 - INFO - ✅ numpy verfügbar
2026-04-06 11:19:22,596 - INFO - ✅ opencv-python verfügbar
2026-04-06 11:19:22,603 - INFO - ✅ win32api verfügbar
2026-04-06 11:19:22,603 - INFO - ✅ win32con verfügbar
2026-04-06 11:19:22,603 - INFO - ✅ win32process verfügbar
2026-04-06 11:19:22,968 - INFO - ✅ matplotlib verfügbar
2026-04-06 11:19:22,974 - INFO - ✅ json verfügbar
2026-04-06 11:19:22,974 - INFO - ✅ threading verfügbar
2026-04-06 11:19:22,974 - INFO - ✅ time verfügbar
2026-04-06 11:19:22,974 - INFO - ✅ subprocess verfügbar
2026-04-06 11:19:23,071 - INFO - ✅ Windows 11
2026-04-06 11:19:23,072 - INFO - ✅ Python 3.13.12
2026-04-06 11:19:23,558 - INFO - ✅ PowerShell verfügbar
2026-04-06 11:19:23,559 - INFO - ✅ 15.2GB RAM
2026-04-06 11:19:24,018 - INFO - ✅ Unified Optimizer importiert
2026-04-06 11:29:48,206 - INFO - Programm durch Benutzer beendet
2026-04-06 11:29:48,492 - INFO - Optimizer sauber beendet
2026-04-06 11:30:47,955 - INFO - Unified Gaming Optimizer wird gestartet
2026-04-06 11:30:48,008 - INFO - ✅ psutil verfügbar
2026-04-06 11:30:48,169 - INFO - ✅ numpy verfügbar
2026-04-06 11:30:48,210 - INFO - ✅ opencv-python verfügbar
2026-04-06 11:30:48,215 - INFO - ✅ win32api verfügbar
2026-04-06 11:30:48,215 - INFO - ✅ win32con verfügbar
2026-04-06 11:30:48,215 - INFO - ✅ win32process verfügbar
2026-04-06 11:30:48,450 - INFO - ✅ matplotlib verfügbar
2026-04-06 11:30:48,455 - INFO - ✅ json verfügbar
2026-04-06 11:30:48,455 - INFO - ✅ threading verfügbar
2026-04-06 11:30:48,456 - INFO - ✅ time verfügbar
2026-04-06 11:30:48,456 - INFO - ✅ subprocess verfügbar
2026-04-06 11:30:48,516 - INFO - ✅ Windows 11
2026-04-06 11:30:48,517 - INFO - ✅ Python 3.13.12
2026-04-06 11:30:48,929 - INFO - ✅ PowerShell verfügbar
2026-04-06 11:30:48,930 - INFO - ✅ 15.2GB RAM
2026-04-06 11:30:49,257 - INFO - ✅ Unified Optimizer importiert
2026-04-06 11:40:37,974 - INFO - Programm durch Benutzer beendet
2026-04-06 11:40:38,879 - INFO - Optimizer sauber beendet
2026-04-06 11:46:39,981 - INFO - Unified Gaming Optimizer wird gestartet
2026-04-06 11:46:40,016 - INFO - ✅ psutil verfügbar
2026-04-06 11:46:40,129 - INFO - ✅ numpy verfügbar
2026-04-06 11:46:40,164 - INFO - ✅ opencv-python verfügbar
2026-04-06 11:46:40,168 - INFO - ✅ win32api verfügbar
2026-04-06 11:46:40,168 - INFO - ✅ win32con verfügbar
2026-04-06 11:46:40,169 - INFO - ✅ win32process verfügbar
2026-04-06 11:46:40,335 - INFO - ✅ matplotlib verfügbar
2026-04-06 11:46:40,340 - INFO - ✅ json verfügbar
2026-04-06 11:46:40,340 - INFO - ✅ threading verfügbar
2026-04-06 11:46:40,340 - INFO - ✅ time verfügbar
2026-04-06 11:46:40,340 - INFO - ✅ subprocess verfügbar
2026-04-06 11:46:40,384 - INFO - ✅ Windows 11
2026-04-06 11:46:40,384 - INFO - ✅ Python 3.13.12
2026-04-06 11:46:40,715 - INFO - ✅ PowerShell verfügbar
2026-04-06 11:46:40,716 - INFO - ✅ 15.2GB RAM
2026-04-06 11:46:41,008 - INFO - ✅ Unified Optimizer importiert
2026-04-06 11:48:25,384 - INFO - Programm durch Benutzer beendet
2026-04-06 11:48:29,333 - INFO - Optimizer sauber beendet
2026-04-06 15:59:40,957 - INFO - Unified Gaming Optimizer wird gestartet
2026-04-06 15:59:40,992 - INFO - ✅ psutil verfügbar
2026-04-06 15:59:41,098 - INFO - ✅ numpy verfügbar
2026-04-06 15:59:41,129 - INFO - ✅ opencv-python verfügbar
2026-04-06 15:59:41,133 - INFO - ✅ win32api verfügbar
2026-04-06 15:59:41,133 - INFO - ✅ win32con verfügbar
2026-04-06 15:59:41,133 - INFO - ✅ win32process verfügbar
2026-04-06 15:59:42,002 - INFO - ✅ matplotlib verfügbar
2026-04-06 15:59:42,006 - INFO - ✅ json verfügbar
2026-04-06 15:59:42,006 - INFO - ✅ threading verfügbar
2026-04-06 15:59:42,006 - INFO - ✅ time verfügbar
2026-04-06 15:59:42,007 - INFO - ✅ subprocess verfügbar
2026-04-06 15:59:42,055 - INFO - ✅ Windows 11
2026-04-06 15:59:42,056 - INFO - ✅ Python 3.13.12
2026-04-06 15:59:42,339 - INFO - ✅ PowerShell verfügbar
2026-04-06 15:59:42,339 - INFO - ✅ 15.2GB RAM
2026-04-06 15:59:43,140 - INFO - ✅ Unified Optimizer importiert
2026-04-06 15:59:48,095 - INFO - 🖥️ Laptop erkannt - Thermale Grenzwerte für Laptop angepasst
2026-04-06 15:59:48,096 - INFO - 🌡️ Thermal Protection Manager gestartet
