2026-04-06 11:53:57,343 - INFO - 🚀 Background Process Optimizer gestartet
2026-04-06 11:53:57,343 - INFO - 📋 Sichere aktuelle Zustände...
2026-04-06 11:53:57,363 - INFO - ✅ 24 Services gesichert
2026-04-06 11:53:57,364 - INFO - 🔧 Optimiere Windows-Dienste...
2026-04-06 11:53:57,904 - INFO - ✅ Service BITS deaktiviert
2026-04-06 11:53:57,920 - INFO - ✅ Service wuauserv deaktiviert
2026-04-06 11:53:58,457 - INFO - ✅ Service DiagTrack deaktiviert
2026-04-06 11:53:58,474 - INFO - ✅ Service dmwappushservice deaktiviert
2026-04-06 11:53:58,491 - INFO - ✅ Service MapsBroker deaktiviert
2026-04-06 11:53:59,026 - INFO - ✅ Service lfsvc deaktiviert
2026-04-06 11:53:59,560 - INFO - ✅ Service SharedAccess deaktiviert
2026-04-06 11:53:59,561 - WARNING - ⚠️ Konnte Service TabletInputService nicht deaktivieren: service 'TabletInputService' does not exist (name='TabletInputService')
2026-04-06 11:53:59,578 - INFO - ✅ Service WMPNetworkSvc deaktiviert
2026-04-06 11:54:00,111 - INFO - ✅ Service XblAuthManager deaktiviert
2026-04-06 11:54:00,128 - INFO - ✅ Service XblGameSave deaktiviert
2026-04-06 11:54:00,145 - INFO - ✅ Service XboxNetApiSvc deaktiviert
2026-04-06 11:54:00,679 - INFO - ✅ Service SysMain deaktiviert
2026-04-06 11:54:01,212 - INFO - ✅ Service WSearch deaktiviert
2026-04-06 11:54:01,224 - INFO - ✅ Service WMPNetworkSvc deaktiviert
2026-04-06 11:54:01,241 - INFO - ✅ Service fhsvc deaktiviert
2026-04-06 11:54:01,776 - INFO - ✅ Service Spooler deaktiviert
2026-04-06 11:54:01,793 - INFO - ✅ Service RemoteRegistry deaktiviert
2026-04-06 11:54:01,811 - INFO - ✅ Service TermService deaktiviert
2026-04-06 11:54:01,829 - INFO - ✅ Service SessionEnv deaktiviert
2026-04-06 11:54:01,847 - INFO - ✅ Service UmRdpService deaktiviert
2026-04-06 11:54:02,381 - INFO - ✅ Service BDESVC deaktiviert
2026-04-06 11:54:02,398 - INFO - ✅ Service MSiSCSI deaktiviert
2026-04-06 11:54:02,410 - INFO - ✅ Service WMPNetworkSvc deaktiviert
2026-04-06 11:54:02,428 - INFO - ✅ Service PhoneSvc deaktiviert
2026-04-06 11:54:02,445 - INFO - ✅ Service SensorService deaktiviert
2026-04-06 11:54:02,463 - INFO - ✅ Service SensorDataService deaktiviert
2026-04-06 11:54:02,463 - INFO - ✅ 26 Services deaktiviert
2026-04-06 11:54:02,463 - INFO - 🔧 Optimiere Hintergrund-Apps...
2026-04-06 11:54:02,477 - INFO - ✅ App msedge.exe beendet
2026-04-06 11:54:02,484 - INFO - ✅ App spotify.exe beendet
2026-04-06 11:54:02,510 - INFO - ✅ App xboxgamebarspotify.exe beendet
2026-04-06 11:54:02,528 - INFO - ✅ App steamwebhelper.exe beendet
2026-04-06 11:54:02,554 - INFO - ✅ App epicwebhelper.exe beendet
2026-04-06 11:54:02,804 - INFO - ✅ App msedge.exe beendet
2026-04-06 11:54:02,822 - INFO - ✅ App msedge.exe beendet
2026-04-06 11:54:02,917 - INFO - ✅ App steamwebhelper.exe beendet
2026-04-06 11:54:02,957 - INFO - ✅ App epicwebhelper.exe beendet
2026-04-06 11:54:03,002 - INFO - ✅ App epicgameslauncher.exe beendet
2026-04-06 11:54:03,013 - INFO - ✅ App msedge.exe beendet
2026-04-06 11:54:03,144 - INFO - ✅ App steamwebhelper.exe beendet
2026-04-06 11:54:03,302 - INFO - ✅ App steamwebhelper.exe beendet
2026-04-06 11:54:03,310 - INFO - ✅ App msedge.exe beendet
2026-04-06 11:54:03,315 - INFO - ✅ App steamwebhelper.exe beendet
2026-04-06 11:54:03,362 - INFO - ✅ App steam.exe beendet
2026-04-06 11:54:03,431 - INFO - ✅ App msedge.exe beendet
2026-04-06 11:54:03,437 - INFO - ✅ App msedge.exe beendet
2026-04-06 11:54:03,545 - INFO - ✅ App spotify.exe beendet
2026-04-06 11:54:03,547 - INFO - ✅ 19 Hintergrund-Apps beendet
2026-04-06 11:54:03,547 - INFO - 🔧 Optimiere Startup-Programme...
2026-04-06 11:54:03,548 - INFO - ✅ Startup-Programm OneDrive deaktiviert
2026-04-06 11:54:03,549 - INFO - ✅ Startup-Programm Discord deaktiviert
2026-04-06 11:54:03,549 - INFO - ✅ Startup-Programm EpicGamesLauncher deaktiviert
2026-04-06 11:54:03,549 - INFO - ✅ Startup-Programm Battle.net deaktiviert
2026-04-06 11:54:03,550 - INFO - ✅ 4 Startup-Programme deaktiviert
2026-04-06 11:54:03,550 - INFO - 🔧 Optimiere Windows-Einstellungen...
2026-04-06 11:54:04,137 - INFO - ✅ Visual Effects auf Best Performance gesetzt
2026-04-06 11:54:04,413 - INFO - ✅ Hintergrund-Apps deaktiviert
2026-04-06 11:54:04,574 - INFO - ✅ Power Plan auf High Performance gesetzt
2026-04-06 11:54:04,907 - INFO - ✅ Telemetry deaktiviert
2026-04-06 11:54:04,907 - INFO - ✅ Windows-Einstellungen optimiert: Visual Effects, Background Apps, Power Plan, Telemetry
2026-04-06 11:54:04,908 - INFO - 🧹 Lösche temporäre Dateien...
2026-04-06 11:54:07,475 - INFO - ✅ 4706.6MB temporäre Dateien gelöscht
2026-04-06 11:54:07,488 - INFO - ✅ Hintergrundprozess-Optimierung abgeschlossen
2026-04-06 11:54:12,537 - INFO - ⏹️ Background Process Optimizer gestoppt
2026-04-06 11:54:13,150 - INFO - 🔄 Stelle Services wieder her...
2026-04-06 11:54:13,167 - INFO - ✅ Service BITS wiederhergestellt
2026-04-06 11:54:13,182 - INFO - ✅ Service DiagTrack wiederhergestellt
2026-04-06 11:54:13,198 - INFO - ✅ Service lfsvc wiederhergestellt
2026-04-06 11:54:13,215 - INFO - ✅ Service SharedAccess wiederhergestellt
2026-04-06 11:54:13,231 - INFO - ✅ Service XblAuthManager wiederhergestellt
2026-04-06 11:54:13,246 - INFO - ✅ Service SysMain wiederhergestellt
2026-04-06 11:54:13,262 - INFO - ✅ Service WSearch wiederhergestellt
2026-04-06 11:54:13,278 - INFO - ✅ Service Spooler wiederhergestellt
2026-04-06 11:54:13,295 - INFO - ✅ Service BDESVC wiederhergestellt
2026-04-06 11:54:13,295 - INFO - ✅ 9 Services wiederhergestellt
2026-04-06 11:54:13,295 - INFO - ✅ Original-Zustände wiederhergestellt
